// Jest Snapshot v1, https://goo.gl/fbAQLP

exports[`<Footer/> Snapshot Footer Snapshot test 1`] = `
<footer
  className="footer"
>
  <ul
    className="logo__footer"
  >
    <figure>
      <a
        href="index.html"
      >
        <img
          alt="Logo Focus"
          height="30"
          src="images/logo-focus-footer.svg"
        />
      </a>
    </figure>
  </ul>
  <ul
    className="item__menu-footer"
  >
    <li>
      <a
        href=""
      >
        Soporte
      </a>
    </li>
    <li>
      <a
        href=""
      >
        Nosotros
      </a>
    </li>
  </ul>
  <ul
    className="item__menu-footer"
  >
    <li>
      <a
        href=""
      >
        Noticias
      </a>
    </li>
    <li>
      <a
        href=""
      >
        Privacidad
      </a>
    </li>
  </ul>
  <ul
    className="social__footer"
  >
    <div
      className="social"
    >
      <li
        className="social__icon"
      >
        <a
          href="#"
        >
          <img
            alt="GitHub"
            className=""
            src="images/github.svg"
            width="20"
          />
        </a>
        <p
          className="social__text-footer"
        >
          Github
        </p>
      </li>
      <li
        className="social__icon"
      >
        <a
          href="#"
        >
          <img
            alt="Linkedin"
            className=""
            src="images/linkedin.svg"
            width="20"
          />
        </a>
        <p
          className="social__text-footer"
        >
          Linkedin
        </p>
      </li>
      <li
        className="social__icon"
      >
        <a
          href="#"
        >
          <img
            alt="Facebook"
            className=""
            src="images/facebook.svg"
            width="20"
          />
        </a>
        <p
          className="social__text-footer"
        >
          Facebook
        </p>
      </li>
    </div>
  </ul>
</footer>
`;
